###############################################################################
#                                                                             #
# IAR C/C++ Compiler V8.20.2.41139 for 8051             21/Aug/2015  13:22:56 #
# Copyright 2004-2013 IAR Systems AB.                                         #
#                                                                             #
#    Core               =  plain                                              #
#    Code model         =  banked                                             #
#    Data model         =  large                                              #
#    Calling convention =  xdata reentrant                                    #
#    Constant location  =  data_rom                                           #
#    Dptr setup         =  1,16                                               #
#                                                                             #
#    Source file        =  D:\desk\cc2530\ch5\3 new task                      #
#                          perfect\ZStack-2.5.1a\Projects\zstack\Samples\Samp #
#                          leApp\Source\1stTest\InitAllSensor.c               #
#    Command line       =  -f "D:\desk\cc2530\ch5\3 new task                  #
#                          perfect\ZStack-2.5.1a\Projects\zstack\Samples\Samp #
#                          leApp\CC2530DB\..\..\..\Tools\CC2530DB\f8wCoord.cf #
#                          g" (-DCPU32MHZ -DROOT=__near_func                  #
#                          -DMAC_CFG_APP_PENDING_QUEUE=TRUE                   #
#                          -DMAC_CFG_TX_DATA_MAX=5 -DMAC_CFG_TX_MAX=8         #
#                          -DMAC_CFG_RX_MAX=5 -DZDO_COORDINATOR -DRTR_NWK)    #
#                          -f "D:\desk\cc2530\ch5\3 new task                  #
#                          perfect\ZStack-2.5.1a\Projects\zstack\Samples\Samp #
#                          leApp\CC2530DB\..\..\..\Tools\CC2530DB\f8wConfig.c #
#                          fg" (-DZIGBEEPRO -DSECURE=0 -DZG_SECURE_DYNAMIC=0  #
#                          -DREFLECTOR -DDEFAULT_CHANLIST=0x00000800          #
#                          -DZDAPP_CONFIG_PAN_ID=0xFFF1                       #
#                          -DNWK_START_DELAY=100 -DEXTENDED_JOINING_RANDOM_MA #
#                          SK=0x007F -DBEACON_REQUEST_DELAY=100               #
#                          -DBEACON_REQ_DELAY_MASK=0x00FF                     #
#                          -DLINK_STATUS_JITTER_MASK=0x007F                   #
#                          -DROUTE_EXPIRY_TIME=30 -DAPSC_ACK_WAIT_DURATION_PO #
#                          LLED=3000 -DNWK_INDIRECT_MSG_TIMEOUT=7             #
#                          -DMAX_RREQ_ENTRIES=8 -DAPSC_MAX_FRAME_RETRIES=3    #
#                          -DNWK_MAX_DATA_RETRIES=2                           #
#                          -DMAX_POLL_FAILURE_RETRIES=2 -DMAX_BCAST=9         #
#                          -DAPS_MAX_GROUPS=16 -DMAX_RTG_ENTRIES=40           #
#                          -DNWK_MAX_BINDING_ENTRIES=4                        #
#                          -DMAX_BINDING_CLUSTER_IDS=4 "-DDEFAULT_KEY={0x01,  #
#                          0x03, 0x05, 0x07, 0x09, 0x0B, 0x0D, 0x0F, 0x00,    #
#                          0x02, 0x04, 0x06, 0x08, 0x0A, 0x0C, 0x0D}"         #
#                          -DMAC_MAX_FRAME_SIZE=116                           #
#                          -DZDNWKMGR_MIN_TRANSMISSIONS=20 "-DCONST=const     #
#                          __code" -DGENERIC=__generic                        #
#                          -DRFD_RCVC_ALWAYS_ON=FALSE -DPOLL_RATE=1000        #
#                          -DQUEUED_POLL_RATE=100 -DRESPONSE_POLL_RATE=100)   #
#                          -DREJOIN_POLL_RATE=440 "D:\desk\cc2530\ch5\3 new   #
#                          task perfect\ZStack-2.5.1a\Projects\zstack\Samples #
#                          \SampleApp\Source\1stTest\InitAllSensor.c" -D      #
#                          ZTOOL_P1 -D xMT_TASK -D xMT_SYS_FUNC -D            #
#                          xMT_ZDO_FUNC -D LCD_SUPPORTED=DEBUG -lC            #
#                          "D:\desk\cc2530\ch5\3 new task                     #
#                          perfect\ZStack-2.5.1a\Projects\zstack\Samples\Samp #
#                          leApp\CC2530DB\CoordinatorEB\List\" -lA            #
#                          "D:\desk\cc2530\ch5\3 new task                     #
#                          perfect\ZStack-2.5.1a\Projects\zstack\Samples\Samp #
#                          leApp\CC2530DB\CoordinatorEB\List\"                #
#                          --diag_suppress Pe001,Pa010 -o                     #
#                          "D:\desk\cc2530\ch5\3 new task                     #
#                          perfect\ZStack-2.5.1a\Projects\zstack\Samples\Samp #
#                          leApp\CC2530DB\CoordinatorEB\Obj\" -e              #
#                          --no_code_motion --debug --core=plain --dptr=16,1  #
#                          --data_model=large --code_model=banked             #
#                          --calling_convention=xdata_reentrant               #
#                          --place_constants=data_rom --nr_virtual_regs 16    #
#                          -I "D:\desk\cc2530\ch5\3 new task                  #
#                          perfect\ZStack-2.5.1a\Projects\zstack\Samples\Samp #
#                          leApp\CC2530DB\" -I "D:\desk\cc2530\ch5\3 new      #
#                          task perfect\ZStack-2.5.1a\Projects\zstack\Samples #
#                          \SampleApp\CC2530DB\..\Source\" -I                 #
#                          "D:\desk\cc2530\ch5\3 new task                     #
#                          perfect\ZStack-2.5.1a\Projects\zstack\Samples\Samp #
#                          leApp\CC2530DB\..\..\..\ZMain\TI2530DB\" -I        #
#                          "D:\desk\cc2530\ch5\3 new task                     #
#                          perfect\ZStack-2.5.1a\Projects\zstack\Samples\Samp #
#                          leApp\CC2530DB\..\..\..\..\..\Components\hal\inclu #
#                          de\" -I "D:\desk\cc2530\ch5\3 new task             #
#                          perfect\ZStack-2.5.1a\Projects\zstack\Samples\Samp #
#                          leApp\CC2530DB\..\..\..\..\..\Components\hal\targe #
#                          t\CC2530EB\" -I "D:\desk\cc2530\ch5\3 new task     #
#                          perfect\ZStack-2.5.1a\Projects\zstack\Samples\Samp #
#                          leApp\CC2530DB\..\..\..\..\..\Components\mac\inclu #
#                          de\" -I "D:\desk\cc2530\ch5\3 new task             #
#                          perfect\ZStack-2.5.1a\Projects\zstack\Samples\Samp #
#                          leApp\CC2530DB\..\..\..\..\..\Components\mac\high_ #
#                          level\" -I "D:\desk\cc2530\ch5\3 new task          #
#                          perfect\ZStack-2.5.1a\Projects\zstack\Samples\Samp #
#                          leApp\CC2530DB\..\..\..\..\..\Components\mac\low_l #
#                          evel\srf04\" -I "D:\desk\cc2530\ch5\3 new task     #
#                          perfect\ZStack-2.5.1a\Projects\zstack\Samples\Samp #
#                          leApp\CC2530DB\..\..\..\..\..\Components\mac\low_l #
#                          evel\srf04\single_chip\" -I "D:\desk\cc2530\ch5\3  #
#                          new task perfect\ZStack-2.5.1a\Projects\zstack\Sam #
#                          ples\SampleApp\CC2530DB\..\..\..\..\..\Components\ #
#                          mt\" -I "D:\desk\cc2530\ch5\3 new task             #
#                          perfect\ZStack-2.5.1a\Projects\zstack\Samples\Samp #
#                          leApp\CC2530DB\..\..\..\..\..\Components\osal\incl #
#                          ude\" -I "D:\desk\cc2530\ch5\3 new task            #
#                          perfect\ZStack-2.5.1a\Projects\zstack\Samples\Samp #
#                          leApp\CC2530DB\..\..\..\..\..\Components\services\ #
#                          saddr\" -I "D:\desk\cc2530\ch5\3 new task          #
#                          perfect\ZStack-2.5.1a\Projects\zstack\Samples\Samp #
#                          leApp\CC2530DB\..\..\..\..\..\Components\services\ #
#                          sdata\" -I "D:\desk\cc2530\ch5\3 new task          #
#                          perfect\ZStack-2.5.1a\Projects\zstack\Samples\Samp #
#                          leApp\CC2530DB\..\..\..\..\..\Components\stack\af\ #
#                          " -I "D:\desk\cc2530\ch5\3 new task                #
#                          perfect\ZStack-2.5.1a\Projects\zstack\Samples\Samp #
#                          leApp\CC2530DB\..\..\..\..\..\Components\stack\nwk #
#                          \" -I "D:\desk\cc2530\ch5\3 new task               #
#                          perfect\ZStack-2.5.1a\Projects\zstack\Samples\Samp #
#                          leApp\CC2530DB\..\..\..\..\..\Components\stack\sap #
#                          i\" -I "D:\desk\cc2530\ch5\3 new task              #
#                          perfect\ZStack-2.5.1a\Projects\zstack\Samples\Samp #
#                          leApp\CC2530DB\..\..\..\..\..\Components\stack\sec #
#                          \" -I "D:\desk\cc2530\ch5\3 new task               #
#                          perfect\ZStack-2.5.1a\Projects\zstack\Samples\Samp #
#                          leApp\CC2530DB\..\..\..\..\..\Components\stack\sys #
#                          \" -I "D:\desk\cc2530\ch5\3 new task               #
#                          perfect\ZStack-2.5.1a\Projects\zstack\Samples\Samp #
#                          leApp\CC2530DB\..\..\..\..\..\Components\stack\zdo #
#                          \" -I "D:\desk\cc2530\ch5\3 new task               #
#                          perfect\ZStack-2.5.1a\Projects\zstack\Samples\Samp #
#                          leApp\CC2530DB\..\..\..\..\..\Components\zmac\"    #
#                          -I "D:\desk\cc2530\ch5\3 new task                  #
#                          perfect\ZStack-2.5.1a\Projects\zstack\Samples\Samp #
#                          leApp\CC2530DB\..\..\..\..\..\Components\zmac\f8w\ #
#                          " -Ohz --require_prototypes                        #
#    List file          =  D:\desk\cc2530\ch5\3 new task                      #
#                          perfect\ZStack-2.5.1a\Projects\zstack\Samples\Samp #
#                          leApp\CC2530DB\CoordinatorEB\List\InitAllSensor.ls #
#                          t                                                  #
#    Object file        =  D:\desk\cc2530\ch5\3 new task                      #
#                          perfect\ZStack-2.5.1a\Projects\zstack\Samples\Samp #
#                          leApp\CC2530DB\CoordinatorEB\Obj\InitAllSensor.r51 #
#                                                                             #
#                                                                             #
###############################################################################

D:\desk\cc2530\ch5\3 new task perfect\ZStack-2.5.1a\Projects\zstack\Samples\SampleApp\Source\1stTest\InitAllSensor.c
      1          #include <iocc2530.h>
      2          #include "Sensor.h"
      3          #include "UART.H"

   \                                 In  segment BANKED_CODE, align 1, keep-with-next
      4          void initAllSensor(void)
   \                     initAllSensor:
      5          {
   \   000000   C082         PUSH    DPL
   \   000002   C083         PUSH    DPH
   \   000004                ; Saved register size: 2
   \   000004                ; Auto size: 0
      6            InitUart();    
   \   000004                ; Setup parameters for call to function InitUart
   \   000004   12....       LCALL   ??InitUart?relay
      7            Init_PM25();
   \   000007                ; Setup parameters for call to function Init_PM25
   \   000007   12....       LCALL   ??Init_PM25?relay
      8           // initFan();                                  //Initial Fan PWM
      9            Init_TGS4161();
   \   00000A                ; Setup parameters for call to function Init_TGS4161
   \   00000A   12....       LCALL   ??Init_TGS4161?relay
     10            //Init_MQ7();  
     11          }
   \   00000D   D083         POP     DPH
   \   00000F   D082         POP     DPL
   \   000011   02....       LJMP    ?BRET

   \                                 In  segment BANK_RELAYS, align 1
   \                     ??initAllSensor?relay:
   \   000000   12....       LCALL   ?BDISPATCH
   \   000003   ......       DC24    initAllSensor

   Maximum stack usage in bytes:

   ISTACK PSTACK XSTACK Function
   ------ ------ ------ --------
       2      0      0  initAllSensor
                          2 0 0 -> InitUart
                          2 0 0 -> Init_PM25
                          2 0 0 -> Init_TGS4161


   Segment part sizes:

   Bytes  Function/Label
   -----  --------------
       6  ??initAllSensor?relay
      20  initAllSensor

 
 20 bytes in segment BANKED_CODE
  6 bytes in segment BANK_RELAYS
 
 26 bytes of CODE memory

Errors: none
Warnings: none
